// Jest Snapshot v1, https://goo.gl/fbAQLP

exports[`<Box> without media queries applies several props 1`] = `
<DocumentFragment>
  .dash-ui-0 {
  display: block;
}

.dash-ui-1 {
  position: absolute;
}

.dash-ui-2 {
  width: 200px;
  height: 200px;
}

.dash-ui-3 {
  padding: var(--pad-3);
}

.dash-ui-4 {
  background: var(--color-blue);
}

.dash-ui-5 {
  box-shadow: var(--elevation-high);
}

<div
    class="dash-ui-0 dash-ui-1 dash-ui-2 dash-ui-3 dash-ui-4 dash-ui-5"
    data-testid="el"
  />
</DocumentFragment>
`;

exports[`<Box> without media queries should throw if media queries are used without <LayoutProvider> 1`] = `"@dash-ui/layout is attempting to use media queries without a <LayoutProvider> component. This is not allowed."`;
