// Jest Snapshot v1, https://goo.gl/fbAQLP

exports[`<Frame> without media queries applies several props 1`] = `
<DocumentFragment>
  .-ui-0 {
  display: block;
}

.-ui-1 {
  position: absolute;
}

.-ui-2 {
  width: 200px;
  height: 200px;
}

.-ui-3 {
  padding: var(--pad-3);
}

.-ui-4 {
  background: var(--color-blue);
}

.-ui-5 {
  box-shadow: var(--elevation-high);
}

<div
    class="-ui-0 -ui-1 -ui-2 -ui-3 -ui-4 -ui-5"
    data-testid="el"
  />
</DocumentFragment>
`;

exports[`<Frame> without media queries should throw if media queries are used without <LayoutProvider> 1`] = `"@-ui/layout is attempting to use media queries without a <LayoutProvider> component. This is not allowed."`;
